patElectrons_cleanPatElectrons__PAT.obj.pt_
patElectrons_cleanPatElectrons__PAT.obj.corrections_.ecalEnergy
patElectrons_cleanPatElectrons__PAT.obj.eta_
patElectrons_cleanPatElectrons__PAT.obj.phi_
patElectrons_cleanPatElectrons__PAT.obj.vertex_.fCoordinates.fX
patElectrons_cleanPatElectrons__PAT.obj.vertex_.fCoordinates.fY
patElectrons_cleanPatElectrons__PAT.obj.vertex_.fCoordinates.fZ
patMuons_cleanPatMuons__PAT.obj.pt_
patMuons_cleanPatMuons__PAT.obj.eta_
patMuons_cleanPatMuons__PAT.obj.phi_
patMuons_cleanPatMuons__PAT.obj.vertex_.fCoordinates.fX
patMuons_cleanPatMuons__PAT.obj.vertex_.fCoordinates.fY
patMuons_cleanPatMuons__PAT.obj.vertex_.fCoordinates.fZ
patPhotons_cleanPatPhotons__PAT.obj.pt_
patPhotons_cleanPatPhotons__PAT.obj.showerShapeBlock_e3x3
patPhotons_cleanPatPhotons__PAT.obj.eta_
patPhotons_cleanPatPhotons__PAT.obj.phi_
patPhotons_cleanPatPhotons__PAT.obj.vertex_.fCoordinates.fX
patPhotons_cleanPatPhotons__PAT.obj.vertex_.fCoordinates.fY
patPhotons_cleanPatPhotons__PAT.obj.vertex_.fCoordinates.fZ
recoCompositeCandidates_ZtoEleEle__PAT.obj.mass_
recoCompositeCandidates_ZtoAEleEle__PAT.obj.mass_
recoCompositeCandidates_ZtoEleMuon__PAT.obj.mass_
recoCompositeCandidates_ZtoEleAMuon__PAT.obj.mass_
recoCompositeCandidates_ZtoAEleAEle__PAT.obj.mass_
recoCompositeCandidates_ZtoAEleMuon__PAT.obj.mass_
recoCompositeCandidates_ZtoAEleAMuon__PAT.obj.mass_
recoCompositeCandidates_ZtoMuonMuon__PAT.obj.mass_
recoCompositeCandidates_ZtoMuonAMuon__PAT.obj.mass_
recoCompositeCandidates_ZtoAMuonAMuon__PAT.obj.mass_